---
source: crates/fastapi-output/tests/snapshot_tests.rs
expression: normalized
---
  ___         _      _   ___ ___   ___         _
 | __| _ _ __| |_   /_\ | _ \_ _| | _ \_  _ __| |_
 | _| / _` (_-<  _| / _ \|  _/| |  |   / || (_-<  _|
 |_|  \__,_/__/\__|/_/ \_\_| |___| |_|_\_,_/__/\__|
                                    v1.0.0
  High performance, easy to learn, fast to code

  ─────────────────────────────────────────────
  ▶ Server running at http://localhost:8000
  📖 Interactive docs: http://localhost:8000/docs
  ─────────────────────────────────────────────
